== [envab-base-20261005-152205] 2026-10-05 15:29:23 mem nodeA: avail 4G swap 4203M | nodeB: avail 4G
== decode (bench_decode x10)
[envab-base-20261005-152205] start 15:29:23 running=0.0 pgmigrate_fail 22290438 compact_stall 2533956  proactive=0 avail_gb=5
[envab-base-20261005-152205] prose      tok/s med 44.93 (min 41.59 max 47.41) acc/step 2.19 ms/step 70.73
[envab-base-20261005-152205] structured tok/s med 100.24 (min 99.67 max 101.15) acc/step 7.0 ms/step 79.41
[envab-base-20261005-152205] coding     tok/s med 63.63 (min 51.38 max 67.26) acc/step 4.18 ms/step 80.65
[envab-base-20261005-152205] ja         tok/s med 41.99 (min 39.76 max 47.84) acc/step 1.81 ms/step 66.78
[envab-base-20261005-152205] end 15:32:03 running=0.0 pgmigrate_fail 22290438 compact_stall 2533956  proactive=0 avail_gb=5
== decode stream gaps
[envab-base-20261005-152205-2k] chunks 614 decode 42.8s | gap p50 69 p90 75 p99 85 max 137 ms | gaps>200ms: 0 sum 0.0s
[envab-base-20261005-152205-2k] big gaps at chunk idx: []
[envab-base-20261005-152205-40k] chunks 603 decode 42.2s | gap p50 70 p90 75 p99 88 max 134 ms | gaps>200ms: 0 sum 0.0s
[envab-base-20261005-152205-40k] big gaps at chunk idx: []
== prefill real text
[envab-base-20261005-152205] real-text prefill ~8493 tok: 3.28s, 3.18s, 3.13s -> median 2597 tok/s
[envab-base-20261005-152205] real-text prefill ~14810 tok: 5.11s, 5.51s, 5.29s -> median 2946 tok/s
== prefill random 24k
[envab-base-20261005-152205] prefill ~24030 tok: 7.91s, 7.87s, 7.87s -> median 3051 tok/s
== APC 40k (repeat + turn2)
turn1: prompt 39035 cached 0 e2e 14.2s hits+0 queries+39035
repeat: prompt 39035 cached 36864 e2e 2.5s hits+36864 queries+39035
turn2: prompt 39048 cached 36864 e2e 2.3s hits+36864 queries+39048
== APC 97k repeat (fresh 591 case)
[envab-base-20261005-152205-apc97k] cold: prompt 97359 cached 0 completion 64 ttft 34.21s decode 1.37s steps 18 -> 76.2 ms/step, 3.22 tok/step, 46.7 tok/s
[envab-base-20261005-152205-apc97k] warm: prompt 97359 cached 96768 completion 64 ttft 0.79s decode 1.18s steps 16 -> 73.8 ms/step, 4.12 tok/step, 54.2 tok/s
== kpool decode-vs-prefill
text 0: prompt 6842 tokens, generated 1536
text 1: prompt 5202 tokens, generated 1536
text 2: prompt 8350 tokens, generated 1536
${HOME}/tf-exl3-deploy/kpool-after-envab-base-20261005-152205.json (2026-10-05 15:37:20): decode vs prefill over generated positions
  gen pos [0, 128): n=384  KL mean 0.01210  top-1 agree 97.66%
  gen pos [128, 512): n=1152  KL mean 0.01569  top-1 agree 97.92%
  gen pos [512, 1024): n=1536  KL mean 0.02456  top-1 agree 96.42%
  gen pos [1024, 1536): n=1536  KL mean 0.01492  top-1 agree 97.66%
  all: n=4608  KL mean 0.01809  top-1 agree 97.31%
${HOME}/tf-exl3-deploy/kpool-before-r15.json (2026-09-28 19:05:13): decode vs prefill over generated positions
  gen pos [0, 128): n=384  KL mean 0.00646  top-1 agree 98.70%
  gen pos [128, 512): n=1152  KL mean 0.00654  top-1 agree 98.18%
  gen pos [512, 1024): n=1536  KL mean 0.00622  top-1 agree 98.37%
  gen pos [1024, 1536): n=1536  KL mean 0.00602  top-1 agree 98.76%
  all: n=4608  KL mean 0.00625  top-1 agree 98.48%
${HOME}/tf-exl3-deploy/kpool-after-envab-base-20261005-152205.json (2026-10-05 15:37:20): decode vs prefill over generated positions
  gen pos [0, 128): n=384  KL mean 0.01210  top-1 agree 97.66%
  gen pos [128, 512): n=1152  KL mean 0.01569  top-1 agree 97.92%
  gen pos [512, 1024): n=1536  KL mean 0.02456  top-1 agree 96.42%
  gen pos [1024, 1536): n=1536  KL mean 0.01492  top-1 agree 97.66%
  all: n=4608  KL mean 0.01809  top-1 agree 97.31%
KL mean before 0.00625 -> after 0.01809 (+189.3%)
== quality long vs R15
text 2: 15954 positions
long-context (positions >= 4608, n=28275): KL mean 0.0578 p95 0.2349 max 8.543 | top-1 agree 97.18%
== quality short vs R15
wrote Q_envab-base-20261005-152205.json: 20 decode, 6 prefill texts
decode: identical 1/20; first divergence token idx median 14 min 0; |dlogprob| on shared prefix mean 4.49e-02 max 8.03e-01 (n=632)
prefill KL(A||B) nats/token over top-20 union: mean 0.0630 p95 0.2454 max 11.8164 (n=962)
== klh
KLH envab-base-20261005-152205 nll=0.50369 top1=0.8776 aa=0.01263 dvptf=0.01108 dvptf_se=0.00138 n_pf=415620 n_dec=1908
KLH-CMP envab-base-20261005-152205 pfkl=0.01363 nll=0.50369 dvptf=0.01108 long5=0.05889 long5_top1=97.10
== [envab-base-20261005-152205] done 2026-10-05 15:49:25 mem nodeA: avail 4G swap 4943M
