== [envab-e1-20261003-201531] 2026-10-03 21:29:12 mem nodeA: avail 4G swap 2420M | nodeB: avail 3G
== decode (bench_decode x10)
[envab-e1-20261003-201531] start 21:29:12 running=0.0 pgmigrate_fail 10788676 compact_stall 1367290  proactive=0 avail_gb=4
[envab-e1-20261003-201531] prose      tok/s med 41.9 (min 40.32 max 42.14) acc/step 2.06 ms/step 72.65
[envab-e1-20261003-201531] structured tok/s med 95.94 (min 92.44 max 96.92) acc/step 7.0 ms/step 82.9
[envab-e1-20261003-201531] coding     tok/s med 58.91 (min 47.97 max 67.13) acc/step 3.8 ms/step 81.3
[envab-e1-20261003-201531] end 21:31:06 running=0.0 pgmigrate_fail 10788676 compact_stall 1367290  proactive=0 avail_gb=4
== decode stream gaps
[envab-e1-20261003-201531-2k] chunks 576 decode 41.6s | gap p50 72 p90 78 p99 89 max 161 ms | gaps>200ms: 0 sum 0.0s
[envab-e1-20261003-201531-2k] big gaps at chunk idx: []
[envab-e1-20261003-201531-40k] chunks 574 decode 41.6s | gap p50 72 p90 78 p99 93 max 142 ms | gaps>200ms: 0 sum 0.0s
[envab-e1-20261003-201531-40k] big gaps at chunk idx: []
== prefill real text
[envab-e1-20261003-201531] real-text prefill ~8498 tok: 3.15s, 3.07s, 3.06s -> median 2694 tok/s
[envab-e1-20261003-201531] real-text prefill ~14813 tok: 4.88s, 5.22s, 5.09s -> median 3065 tok/s
== prefill random 24k
[envab-e1-20261003-201531] prefill ~24030 tok: 7.58s, 7.59s, 7.60s -> median 3167 tok/s
== APC 40k (repeat + turn2)
turn1: prompt 39036 cached 0 e2e 14.1s hits+0 queries+39036
repeat: prompt 39036 cached 36864 e2e 2.5s hits+36864 queries+39036
turn2: prompt 39049 cached 36864 e2e 2.3s hits+36864 queries+39049
== APC 97k repeat (fresh 591 case)
[envab-e1-20261003-201531-apc97k] cold: prompt 97359 cached 0 completion 64 ttft 30.56s decode 1.14s steps 14 -> 81.6 ms/step, 4.36 tok/step, 56.0 tok/s
[envab-e1-20261003-201531-apc97k] warm: prompt 97359 cached 96768 completion 64 ttft 0.78s decode 1.15s steps 14 -> 82.1 ms/step, 4.36 tok/step, 55.7 tok/s
== kpool decode-vs-prefill
text 0: prompt 6842 tokens, generated 1536
text 1: prompt 5202 tokens, generated 1536
text 2: prompt 8350 tokens, generated 1536
${HOME}/tf-exl3-deploy/kpool-after-envab-e1-20261003-201531.json (2026-10-03 21:36:20): decode vs prefill over generated positions
  gen pos [0, 128): n=384  KL mean 0.02386  top-1 agree 97.14%
  gen pos [128, 512): n=1152  KL mean 0.01999  top-1 agree 97.14%
  gen pos [512, 1024): n=1536  KL mean 0.02045  top-1 agree 97.33%
  gen pos [1024, 1536): n=1536  KL mean 0.02539  top-1 agree 96.88%
  all: n=4608  KL mean 0.02227  top-1 agree 97.11%
${HOME}/tf-exl3-deploy/kpool-before-r15.json (2026-09-28 19:05:13): decode vs prefill over generated positions
  gen pos [0, 128): n=384  KL mean 0.00646  top-1 agree 98.70%
  gen pos [128, 512): n=1152  KL mean 0.00654  top-1 agree 98.18%
  gen pos [512, 1024): n=1536  KL mean 0.00622  top-1 agree 98.37%
  gen pos [1024, 1536): n=1536  KL mean 0.00602  top-1 agree 98.76%
  all: n=4608  KL mean 0.00625  top-1 agree 98.48%
${HOME}/tf-exl3-deploy/kpool-after-envab-e1-20261003-201531.json (2026-10-03 21:36:20): decode vs prefill over generated positions
  gen pos [0, 128): n=384  KL mean 0.02386  top-1 agree 97.14%
  gen pos [128, 512): n=1152  KL mean 0.01999  top-1 agree 97.14%
  gen pos [512, 1024): n=1536  KL mean 0.02045  top-1 agree 97.33%
  gen pos [1024, 1536): n=1536  KL mean 0.02539  top-1 agree 96.88%
  all: n=4608  KL mean 0.02227  top-1 agree 97.11%
KL mean before 0.00625 -> after 0.02227 (+256.0%)
== quality long vs R15
text 2: 15954 positions
long-context (positions >= 4608, n=28275): KL mean 0.0231 p95 0.0841 max 7.327 | top-1 agree 98.29%
== quality short vs R15
wrote Q_envab-e1-20261003-201531.json: 20 decode, 6 prefill texts
decode: identical 4/20; first divergence token idx median 30 min 0; |dlogprob| on shared prefix mean 2.12e-02 max 8.55e-01 (n=827)
prefill KL(A||B) nats/token over top-20 union: mean 0.0203 p95 0.0610 max 2.5669 (n=962)
== [envab-e1-20261003-201531] done 2026-10-03 21:37:31 mem nodeA: avail 4G swap 2367M
