== [envab-on2-20261005-152205] 2026-10-05 16:55:10 mem nodeA: avail 3G swap 1993M | nodeB: avail 4G
== decode (bench_decode x10)
[envab-on2-20261005-152205] start 16:55:11 running=0.0 pgmigrate_fail 23387537 compact_stall 2596813  proactive=0 avail_gb=3
[envab-on2-20261005-152205] prose      tok/s med 48.94 (min 45.42 max 50.8) acc/step 2.38 ms/step 67.92
[envab-on2-20261005-152205] structured tok/s med 99.75 (min 98.04 max 100.16) acc/step 7.0 ms/step 79.8
[envab-on2-20261005-152205] coding     tok/s med 62.64 (min 56.53 max 65.67) acc/step 3.96 ms/step 78.29
[envab-on2-20261005-152205] ja         tok/s med 44.83 (min 43.4 max 47.03) acc/step 1.8 ms/step 62.27
[envab-on2-20261005-152205] end 16:57:43 running=0.0 pgmigrate_fail 23399989 compact_stall 2596820  proactive=0 avail_gb=3
== decode stream gaps
[envab-on2-20261005-152205-2k] chunks 557 decode 36.0s | gap p50 66 p90 73 p99 81 max 85 ms | gaps>200ms: 0 sum 0.0s
[envab-on2-20261005-152205-2k] big gaps at chunk idx: []
[envab-on2-20261005-152205-40k] chunks 595 decode 38.2s | gap p50 66 p90 73 p99 102 max 135 ms | gaps>200ms: 0 sum 0.0s
[envab-on2-20261005-152205-40k] big gaps at chunk idx: []
== prefill real text
[envab-on2-20261005-152205] real-text prefill ~8495 tok: 3.28s, 3.16s, 3.26s -> median 2589 tok/s
[envab-on2-20261005-152205] real-text prefill ~14811 tok: 5.13s, 5.43s, 5.27s -> median 2959 tok/s
== prefill random 24k
[envab-on2-20261005-152205] prefill ~24030 tok: 7.89s, 7.88s, 7.86s -> median 3051 tok/s
== APC 40k (repeat + turn2)
turn1: prompt 39034 cached 0 e2e 14.2s hits+0 queries+39034
repeat: prompt 39034 cached 36864 e2e 2.3s hits+36864 queries+39034
turn2: prompt 39047 cached 36864 e2e 2.3s hits+36864 queries+39047
== APC 97k repeat (fresh 591 case)
[envab-on2-20261005-152205-apc97k] cold: prompt 97359 cached 0 completion 64 ttft 31.85s decode 1.12s steps 16 -> 69.9 ms/step, 4.12 tok/step, 57.2 tok/s
[envab-on2-20261005-152205-apc97k] warm: prompt 97359 cached 96768 completion 64 ttft 0.73s decode 1.18s steps 17 -> 69.3 ms/step, 3.88 tok/step, 54.3 tok/s
== kpool decode-vs-prefill
text 0: prompt 6842 tokens, generated 1536
text 1: prompt 5202 tokens, generated 1536
text 2: prompt 8350 tokens, generated 1536
${HOME}/tf-exl3-deploy/kpool-after-envab-on2-20261005-152205.json (2026-10-05 17:02:34): decode vs prefill over generated positions
  gen pos [0, 128): n=384  KL mean 0.01146  top-1 agree 98.18%
  gen pos [128, 512): n=1152  KL mean 0.02108  top-1 agree 97.40%
  gen pos [512, 1024): n=1536  KL mean 0.01021  top-1 agree 98.24%
  gen pos [1024, 1536): n=1536  KL mean 0.01161  top-1 agree 98.05%
  all: n=4608  KL mean 0.01350  top-1 agree 97.96%
${HOME}/tf-exl3-deploy/kpool-before-r15.json (2026-09-28 19:05:13): decode vs prefill over generated positions
  gen pos [0, 128): n=384  KL mean 0.00646  top-1 agree 98.70%
  gen pos [128, 512): n=1152  KL mean 0.00654  top-1 agree 98.18%
  gen pos [512, 1024): n=1536  KL mean 0.00622  top-1 agree 98.37%
  gen pos [1024, 1536): n=1536  KL mean 0.00602  top-1 agree 98.76%
  all: n=4608  KL mean 0.00625  top-1 agree 98.48%
${HOME}/tf-exl3-deploy/kpool-after-envab-on2-20261005-152205.json (2026-10-05 17:02:34): decode vs prefill over generated positions
  gen pos [0, 128): n=384  KL mean 0.01146  top-1 agree 98.18%
  gen pos [128, 512): n=1152  KL mean 0.02108  top-1 agree 97.40%
  gen pos [512, 1024): n=1536  KL mean 0.01021  top-1 agree 98.24%
  gen pos [1024, 1536): n=1536  KL mean 0.01161  top-1 agree 98.05%
  all: n=4608  KL mean 0.01350  top-1 agree 97.96%
KL mean before 0.00625 -> after 0.01350 (+115.9%)
== quality long vs R15
text 2: 15954 positions
long-context (positions >= 4608, n=28275): KL mean 0.0590 p95 0.2490 max 12.347 | top-1 agree 97.05%
== quality short vs R15
wrote Q_envab-on2-20261005-152205.json: 20 decode, 6 prefill texts
decode: identical 2/20; first divergence token idx median 27 min 1; |dlogprob| on shared prefix mean 4.56e-02 max 7.33e-01 (n=718)
prefill KL(A||B) nats/token over top-20 union: mean 0.0653 p95 0.2748 max 11.9071 (n=962)
== klh
KLH envab-on2-20261005-152205 nll=0.50303 top1=0.8777 aa=0.01315 dvptf=0.01118 dvptf_se=0.00157 n_pf=415620 n_dec=1906
KLH-CMP envab-base-20261005-152205 pfkl=0.01363 nll=0.50369 dvptf=0.01108 long5=0.05889 long5_top1=97.10
KLH-CMP envab-on2-20261005-152205 pfkl=0.01369 nll=0.50303 dvptf=0.01118 long5=0.05817 long5_top1=97.16 d_kl=+0.00006 d_kl_lo=-0.00010 d_kl_hi=+0.00022 d_nll=-0.00066 d_nll_lo=-0.00114 d_nll_hi=-0.00021 d_dvp=+0.00017 d_dvp_lo=-0.00148 d_dvp_hi=+0.00174
KLH-GATE envab-on2-20261005-152205 d_pfkl=+0.00009 lo=-0.00008 hi=+0.00025 se=0.00010 df=44 d_dvp=+0.00017 dvp_lo=-0.00148 dvp_hi=+0.00174
== [envab-on2-20261005-152205] done 2026-10-05 17:14:16 mem nodeA: avail 3G swap 2237M
