[env-ab 20:15:32] base = production's KNOB lines as they are: GLM53_DENSE_W8A8_ONLY (an arm overrides them; NAME= in an arm unsets one)
[env-ab 20:15:32] no PREV_KIT_NAME: production must already run tf-exl3-deploy16.r16z5rev; only .env is flipped
kit-installed-ok
backups-ok
[env-ab 20:15:37] every arm accepted by the installed start.sh (base a1 a2 a4 e1 e2)
[env-ab 20:15:37] === arm base
env-now: base = the pre-A/B .env
[1;36m[glm53-exl3][0m   manage     : ./start.sh status | ./start.sh logs | ./start.sh logs worker | ./start.sh stop
[1;36m[glm53-exl3][0m ======================================================================
[envab-base-20261003-201531 20:22:30] start returned
ok   [head=worker] container env GLM53_DENSE_W8A8_ONLY set (31 chars; names not printed)
ok   [head=worker] container env GLM53_DENSE_W8A8_HILO <unset> (off)
ok   [head=worker] container env GLM53_DENSE_W8A8_HILO_SEL <unset>
ok   [head=worker] container env GLM53_DENSE_W8A8_SKIP_LAYERS <unset> (no layer excluded)
ok   [head] absent: layer filter GLM53_DENSE_W8A8_SKIP_LAYERS: excluded
ok   [worker] absent: layer filter GLM53_DENSE_W8A8_SKIP_LAYERS: excluded
== prefill random 24k
[envab-base-20261003-201531] prefill ~24031 tok: 7.92s, 7.92s, 7.93s -> median 3033 tok/s
== APC 40k (repeat + turn2)
turn1: prompt 39036 cached 0 e2e 14.3s hits+0 queries+39036
repeat: prompt 39036 cached 36864 e2e 2.5s hits+36864 queries+39036
turn2: prompt 39049 cached 36864 e2e 2.3s hits+36864 queries+39049
== APC 97k repeat (fresh 591 case)
[envab-base-20261003-201531-apc97k] cold: prompt 97359 cached 0 completion 64 ttft 32.81s decode 1.18s steps 15 -> 78.5 ms/step, 4.40 tok/step, 54.3 tok/s
[envab-base-20261003-201531-apc97k] warm: prompt 97359 cached 96768 completion 64 ttft 0.78s decode 1.17s steps 15 -> 77.9 ms/step, 4.40 tok/step, 54.8 tok/s
== kpool decode-vs-prefill
text 0: prompt 6842 tokens, generated 1536
text 1: prompt 5202 tokens, generated 1536
text 2: prompt 8350 tokens, generated 1536
${HOME}/tf-exl3-deploy/kpool-after-envab-base-20261003-201531.json (2026-10-03 20:29:48): decode vs prefill over generated positions
  gen pos [0, 128): n=384  KL mean 0.01233  top-1 agree 98.18%
  gen pos [128, 512): n=1152  KL mean 0.01288  top-1 agree 97.40%
  gen pos [512, 1024): n=1536  KL mean 0.00990  top-1 agree 98.83%
  gen pos [1024, 1536): n=1536  KL mean 0.01276  top-1 agree 98.50%
  all: n=4608  KL mean 0.01180  top-1 agree 98.31%
${HOME}/tf-exl3-deploy/kpool-before-r15.json (2026-09-28 19:05:13): decode vs prefill over generated positions
  gen pos [0, 128): n=384  KL mean 0.00646  top-1 agree 98.70%
  gen pos [128, 512): n=1152  KL mean 0.00654  top-1 agree 98.18%
  gen pos [512, 1024): n=1536  KL mean 0.00622  top-1 agree 98.37%
  gen pos [1024, 1536): n=1536  KL mean 0.00602  top-1 agree 98.76%
  all: n=4608  KL mean 0.00625  top-1 agree 98.48%
${HOME}/tf-exl3-deploy/kpool-after-envab-base-20261003-201531.json (2026-10-03 20:29:48): decode vs prefill over generated positions
  gen pos [0, 128): n=384  KL mean 0.01233  top-1 agree 98.18%
  gen pos [128, 512): n=1152  KL mean 0.01288  top-1 agree 97.40%
  gen pos [512, 1024): n=1536  KL mean 0.00990  top-1 agree 98.83%
  gen pos [1024, 1536): n=1536  KL mean 0.01276  top-1 agree 98.50%
  all: n=4608  KL mean 0.01180  top-1 agree 98.31%
KL mean before 0.00625 -> after 0.01180 (+88.7%)
== quality long vs R15
text 2: 15954 positions
long-context (positions >= 4608, n=28275): KL mean 0.0141 p95 0.0508 max 8.729 | top-1 agree 98.69%
== quality short vs R15
wrote Q_envab-base-20261003-201531.json: 20 decode, 6 prefill texts
decode: identical 7/20; first divergence token idx median 51 min 0; |dlogprob| on shared prefix mean 1.89e-02 max 4.79e-01 (n=958)
prefill KL(A||B) nats/token over top-20 union: mean 0.0253 p95 0.0592 max 4.1944 (n=962)
== [envab-base-20261003-201531] done 2026-10-03 20:30:59 mem nodeA: avail 4G swap 2319M
before 32000: running=0.0 waiting=0.0
      32111    10.60         3029        50.0       32        160  length
after 32000: running=0.0 waiting=0.0
before 32000: running=0.0 waiting=0.0
      31957    10.48         3048        30.6       32        156  length
after 32000: running=0.0 waiting=0.0
before 32000: running=0.0 waiting=0.0
      31775    10.51         3024        31.9       32        155  length
after 32000: running=0.0 waiting=0.0
before 32000: running=0.0 waiting=0.0
      31361    10.33         3036        32.9       32        157  length
after 32000: running=0.0 waiting=0.0
before 32000: running=0.0 waiting=0.0
      32350    10.71         3019        30.9       32        158  length
after 32000: running=0.0 waiting=0.0
before 32000: running=0.0 waiting=0.0
      31516    10.27         3068        46.7       32        160  length
after 32000: running=0.0 waiting=0.0
[env-ab 20:32:21] RESULT base: gate32k-median=3032.5 (n=6) long=0.0141 top1=98.69 dvp=0.01180 decode-structured=95.85
[env-ab 20:32:21] === arm a1
env-now: GLM53_DENSE_W8A8_SKIP_LAYERS=
[1;36m[glm53-exl3][0m   manage     : ./start.sh status | ./start.sh logs | ./start.sh logs worker | ./start.sh stop
[1;36m[glm53-exl3][0m ======================================================================
[envab-a1-20261003-201531 20:39:14] start returned
ok   [head=worker] container env GLM53_DENSE_W8A8_ONLY <unset> (every served projection)
ok   [head=worker] container env GLM53_DENSE_W8A8_HILO <unset> (off)
ok   [head=worker] container env GLM53_DENSE_W8A8_HILO_SEL <unset>
ok   [head=worker] container env GLM53_DENSE_W8A8_SKIP_LAYERS set (44 chars; the list is not printed)
ok   [head] (3) layer filter GLM53_DENSE_W8A8_SKIP_LAYERS: excluded
ok   [worker] (2) layer filter GLM53_DENSE_W8A8_SKIP_LAYERS: excluded
== prefill random 24k
[envab-a1-20261003-201531] prefill ~24031 tok: 7.70s, 7.68s, 7.68s -> median 3128 tok/s
== APC 40k (repeat + turn2)
turn1: prompt 39035 cached 0 e2e 14.1s hits+0 queries+39035
repeat: prompt 39035 cached 36864 e2e 2.6s hits+36864 queries+39035
turn2: prompt 39048 cached 36864 e2e 2.2s hits+36864 queries+39048
== APC 97k repeat (fresh 591 case)
[envab-a1-20261003-201531-apc97k] cold: prompt 97359 cached 0 completion 64 ttft 31.78s decode 1.17s steps 15 -> 78.0 ms/step, 4.53 tok/step, 54.7 tok/s
[envab-a1-20261003-201531-apc97k] warm: prompt 97359 cached 96768 completion 64 ttft 0.72s decode 1.19s steps 15 -> 79.1 ms/step, 4.53 tok/step, 54.0 tok/s
== kpool decode-vs-prefill
text 0: prompt 6842 tokens, generated 1536
text 1: prompt 5202 tokens, generated 1536
text 2: prompt 8350 tokens, generated 1536
${HOME}/tf-exl3-deploy/kpool-after-envab-a1-20261003-201531.json (2026-10-03 20:46:32): decode vs prefill over generated positions
  gen pos [0, 128): n=384  KL mean 0.01871  top-1 agree 98.18%
  gen pos [128, 512): n=1152  KL mean 0.01995  top-1 agree 96.96%
  gen pos [512, 1024): n=1536  KL mean 0.01564  top-1 agree 97.27%
  gen pos [1024, 1536): n=1536  KL mean 0.02331  top-1 agree 96.16%
  all: n=4608  KL mean 0.01953  top-1 agree 96.90%
${HOME}/tf-exl3-deploy/kpool-before-r15.json (2026-09-28 19:05:13): decode vs prefill over generated positions
  gen pos [0, 128): n=384  KL mean 0.00646  top-1 agree 98.70%
  gen pos [128, 512): n=1152  KL mean 0.00654  top-1 agree 98.18%
  gen pos [512, 1024): n=1536  KL mean 0.00622  top-1 agree 98.37%
  gen pos [1024, 1536): n=1536  KL mean 0.00602  top-1 agree 98.76%
  all: n=4608  KL mean 0.00625  top-1 agree 98.48%
${HOME}/tf-exl3-deploy/kpool-after-envab-a1-20261003-201531.json (2026-10-03 20:46:32): decode vs prefill over generated positions
  gen pos [0, 128): n=384  KL mean 0.01871  top-1 agree 98.18%
  gen pos [128, 512): n=1152  KL mean 0.01995  top-1 agree 96.96%
  gen pos [512, 1024): n=1536  KL mean 0.01564  top-1 agree 97.27%
  gen pos [1024, 1536): n=1536  KL mean 0.02331  top-1 agree 96.16%
  all: n=4608  KL mean 0.01953  top-1 agree 96.90%
KL mean before 0.00625 -> after 0.01953 (+212.3%)
== quality long vs R15
text 2: 15954 positions
long-context (positions >= 4608, n=28275): KL mean 0.0241 p95 0.0929 max 8.928 | top-1 agree 98.16%
== quality short vs R15
wrote Q_envab-a1-20261003-201531.json: 20 decode, 6 prefill texts
decode: identical 4/20; first divergence token idx median 50 min 0; |dlogprob| on shared prefix mean 1.95e-02 max 5.82e-01 (n=927)
prefill KL(A||B) nats/token over top-20 union: mean 0.0185 p95 0.0624 max 2.5517 (n=962)
== [envab-a1-20261003-201531] done 2026-10-03 20:47:43 mem nodeA: avail 3G swap 908M
before 32000: running=0.0 waiting=0.0
      32111    10.29         3122        35.2       32        160  length
after 32000: running=0.0 waiting=0.0
before 32000: running=0.0 waiting=0.0
      31957    10.23         3123        42.1       32        160  length
after 32000: running=0.0 waiting=0.0
before 32000: running=0.0 waiting=0.0
      31775    10.19         3120        32.8       32        154  length
after 32000: running=0.0 waiting=0.0
before 32000: running=0.0 waiting=0.0
      31361    10.04         3124        53.6       32        153  length
after 32000: running=0.0 waiting=0.0
before 32000: running=0.0 waiting=0.0
      32350    10.43         3103        43.2       32        156  length
after 32000: running=0.0 waiting=0.0
before 32000: running=0.0 waiting=0.0
      31516    10.00         3153        30.9       32        153  length
after 32000: running=0.0 waiting=0.0
[env-ab 20:49:03] RESULT a1: gate32k-median=3122.5 (n=6) long=0.0241 top1=98.16 dvp=0.01953 decode-structured=96.16
[env-ab 20:49:03] === arm a2
env-now: GLM53_DENSE_W8A8_SKIP_LAYERS=
[1;36m[glm53-exl3][0m   manage     : ./start.sh status | ./start.sh logs | ./start.sh logs worker | ./start.sh stop
[1;36m[glm53-exl3][0m ======================================================================
[envab-a2-20261003-201531 20:55:52] start returned
ok   [head=worker] container env GLM53_DENSE_W8A8_ONLY <unset> (every served projection)
ok   [head=worker] container env GLM53_DENSE_W8A8_HILO <unset> (off)
ok   [head=worker] container env GLM53_DENSE_W8A8_HILO_SEL <unset>
ok   [head=worker] container env GLM53_DENSE_W8A8_SKIP_LAYERS set (45 chars; the list is not printed)
ok   [head] (3) layer filter GLM53_DENSE_W8A8_SKIP_LAYERS: excluded
ok   [worker] (2) layer filter GLM53_DENSE_W8A8_SKIP_LAYERS: excluded
== prefill random 24k
[envab-a2-20261003-201531] prefill ~24030 tok: 7.65s, 7.67s, 7.69s -> median 3134 tok/s
== APC 40k (repeat + turn2)
turn1: prompt 39035 cached 0 e2e 14.2s hits+0 queries+39035
repeat: prompt 39035 cached 36864 e2e 2.6s hits+36864 queries+39035
turn2: prompt 39048 cached 36864 e2e 2.2s hits+36864 queries+39048
== APC 97k repeat (fresh 591 case)
[envab-a2-20261003-201531-apc97k] cold: prompt 97359 cached 0 completion 64 ttft 31.00s decode 1.21s steps 15 -> 80.4 ms/step, 3.93 tok/step, 53.1 tok/s
[envab-a2-20261003-201531-apc97k] warm: prompt 97359 cached 96768 completion 64 ttft 0.78s decode 1.25s steps 16 -> 78.0 ms/step, 4.12 tok/step, 51.3 tok/s
== kpool decode-vs-prefill
text 0: prompt 6842 tokens, generated 1536
text 1: prompt 5202 tokens, generated 1536
text 2: prompt 8350 tokens, generated 1536
${HOME}/tf-exl3-deploy/kpool-after-envab-a2-20261003-201531.json (2026-10-03 21:03:05): decode vs prefill over generated positions
  gen pos [0, 128): n=384  KL mean 0.01299  top-1 agree 98.18%
  gen pos [128, 512): n=1152  KL mean 0.02035  top-1 agree 97.31%
  gen pos [512, 1024): n=1536  KL mean 0.01473  top-1 agree 98.24%
  gen pos [1024, 1536): n=1536  KL mean 0.01264  top-1 agree 98.50%
  all: n=4608  KL mean 0.01529  top-1 agree 98.09%
${HOME}/tf-exl3-deploy/kpool-before-r15.json (2026-09-28 19:05:13): decode vs prefill over generated positions
  gen pos [0, 128): n=384  KL mean 0.00646  top-1 agree 98.70%
  gen pos [128, 512): n=1152  KL mean 0.00654  top-1 agree 98.18%
  gen pos [512, 1024): n=1536  KL mean 0.00622  top-1 agree 98.37%
  gen pos [1024, 1536): n=1536  KL mean 0.00602  top-1 agree 98.76%
  all: n=4608  KL mean 0.00625  top-1 agree 98.48%
${HOME}/tf-exl3-deploy/kpool-after-envab-a2-20261003-201531.json (2026-10-03 21:03:05): decode vs prefill over generated positions
  gen pos [0, 128): n=384  KL mean 0.01299  top-1 agree 98.18%
  gen pos [128, 512): n=1152  KL mean 0.02035  top-1 agree 97.31%
  gen pos [512, 1024): n=1536  KL mean 0.01473  top-1 agree 98.24%
  gen pos [1024, 1536): n=1536  KL mean 0.01264  top-1 agree 98.50%
  all: n=4608  KL mean 0.01529  top-1 agree 98.09%
KL mean before 0.00625 -> after 0.01529 (+144.5%)
== quality long vs R15
text 2: 15954 positions
long-context (positions >= 4608, n=28275): KL mean 0.0164 p95 0.0613 max 4.888 | top-1 agree 98.55%
== quality short vs R15
wrote Q_envab-a2-20261003-201531.json: 20 decode, 6 prefill texts
decode: identical 2/20; first divergence token idx median 20 min 3; |dlogprob| on shared prefix mean 2.69e-02 max 3.76e-01 (n=630)
prefill KL(A||B) nats/token over top-20 union: mean 0.0186 p95 0.0574 max 2.5630 (n=962)
== [envab-a2-20261003-201531] done 2026-10-03 21:04:15 mem nodeA: avail 4G swap 2470M
before 32000: running=0.0 waiting=0.0
      32111    10.26         3131        32.6       32        163  length
after 32000: running=0.0 waiting=0.0
before 32000: running=0.0 waiting=0.0
      31957    10.15         3149        35.4       32        162  length
after 32000: running=0.0 waiting=0.0
before 32000: running=0.0 waiting=0.0
      31775    10.18         3122        31.9       32        154  length
after 32000: running=0.0 waiting=0.0
before 32000: running=0.0 waiting=0.0
      31361    10.02         3129        54.3       32        153  length
after 32000: running=0.0 waiting=0.0
before 32000: running=0.0 waiting=0.0
      32350    10.31         3138        42.6       32        160  length
after 32000: running=0.0 waiting=0.0
before 32000: running=0.0 waiting=0.0
      31516     9.96         3166        47.0       32        160  length
after 32000: running=0.0 waiting=0.0
[env-ab 21:05:34] RESULT a2: gate32k-median=3134.5 (n=6) long=0.0164 top1=98.55 dvp=0.01529 decode-structured=95.89
[env-ab 21:05:34] === arm a4
env-now: GLM53_DENSE_W8A8_SKIP_LAYERS=
[1;36m[glm53-exl3][0m   manage     : ./start.sh status | ./start.sh logs | ./start.sh logs worker | ./start.sh stop
[1;36m[glm53-exl3][0m ======================================================================
[envab-a4-20261003-201531 21:12:18] start returned
ok   [head=worker] container env GLM53_DENSE_W8A8_ONLY <unset> (every served projection)
ok   [head=worker] container env GLM53_DENSE_W8A8_HILO <unset> (off)
ok   [head=worker] container env GLM53_DENSE_W8A8_HILO_SEL <unset>
ok   [head=worker] container env GLM53_DENSE_W8A8_SKIP_LAYERS set (78 chars; the list is not printed)
ok   [head] (3) layer filter GLM53_DENSE_W8A8_SKIP_LAYERS: excluded
ok   [worker] (2) layer filter GLM53_DENSE_W8A8_SKIP_LAYERS: excluded
== prefill random 24k
[envab-a4-20261003-201531] prefill ~24030 tok: 7.69s, 7.68s, 7.66s -> median 3130 tok/s
== APC 40k (repeat + turn2)
turn1: prompt 39036 cached 0 e2e 13.9s hits+0 queries+39036
repeat: prompt 39036 cached 36864 e2e 2.4s hits+36864 queries+39036
turn2: prompt 39049 cached 36864 e2e 2.3s hits+36864 queries+39049
== APC 97k repeat (fresh 591 case)
[envab-a4-20261003-201531-apc97k] cold: prompt 97359 cached 0 completion 64 ttft 32.09s decode 1.26s steps 16 -> 79.0 ms/step, 4.12 tok/step, 50.7 tok/s
[envab-a4-20261003-201531-apc97k] warm: prompt 97359 cached 96768 completion 64 ttft 0.78s decode 1.18s steps 15 -> 78.4 ms/step, 4.40 tok/step, 54.5 tok/s
== kpool decode-vs-prefill
text 0: prompt 6842 tokens, generated 1536
text 1: prompt 5202 tokens, generated 1536
text 2: prompt 8350 tokens, generated 1536
${HOME}/tf-exl3-deploy/kpool-after-envab-a4-20261003-201531.json (2026-10-03 21:19:41): decode vs prefill over generated positions
  gen pos [0, 128): n=384  KL mean 0.02311  top-1 agree 97.14%
  gen pos [128, 512): n=1152  KL mean 0.02621  top-1 agree 96.61%
  gen pos [512, 1024): n=1536  KL mean 0.01832  top-1 agree 97.79%
  gen pos [1024, 1536): n=1536  KL mean 0.02344  top-1 agree 96.81%
  all: n=4608  KL mean 0.02240  top-1 agree 97.11%
${HOME}/tf-exl3-deploy/kpool-before-r15.json (2026-09-28 19:05:13): decode vs prefill over generated positions
  gen pos [0, 128): n=384  KL mean 0.00646  top-1 agree 98.70%
  gen pos [128, 512): n=1152  KL mean 0.00654  top-1 agree 98.18%
  gen pos [512, 1024): n=1536  KL mean 0.00622  top-1 agree 98.37%
  gen pos [1024, 1536): n=1536  KL mean 0.00602  top-1 agree 98.76%
  all: n=4608  KL mean 0.00625  top-1 agree 98.48%
${HOME}/tf-exl3-deploy/kpool-after-envab-a4-20261003-201531.json (2026-10-03 21:19:41): decode vs prefill over generated positions
  gen pos [0, 128): n=384  KL mean 0.02311  top-1 agree 97.14%
  gen pos [128, 512): n=1152  KL mean 0.02621  top-1 agree 96.61%
  gen pos [512, 1024): n=1536  KL mean 0.01832  top-1 agree 97.79%
  gen pos [1024, 1536): n=1536  KL mean 0.02344  top-1 agree 96.81%
  all: n=4608  KL mean 0.02240  top-1 agree 97.11%
KL mean before 0.00625 -> after 0.02240 (+258.1%)
== quality long vs R15
text 2: 15954 positions
long-context (positions >= 4608, n=28275): KL mean 0.0248 p95 0.0926 max 5.870 | top-1 agree 98.11%
== quality short vs R15
wrote Q_envab-a4-20261003-201531.json: 20 decode, 6 prefill texts
decode: identical 4/20; first divergence token idx median 50 min 0; |dlogprob| on shared prefix mean 1.96e-02 max 4.86e-01 (n=865)
prefill KL(A||B) nats/token over top-20 union: mean 0.0217 p95 0.0720 max 2.5669 (n=962)
== [envab-a4-20261003-201531] done 2026-10-03 21:20:50 mem nodeA: avail 3G swap 1016M
before 32000: running=0.0 waiting=0.0
      32111    10.25         3134        30.6       32        155  length
after 32000: running=0.0 waiting=0.0
before 32000: running=0.0 waiting=0.0
      31957    10.20         3134        30.6       32        156  length
after 32000: running=0.0 waiting=0.0
before 32000: running=0.0 waiting=0.0
      31775    10.18         3122        35.2       32        147  length
after 32000: running=0.0 waiting=0.0
before 32000: running=0.0 waiting=0.0
      31361    10.01         3133        35.6       32        145  length
after 32000: running=0.0 waiting=0.0
before 32000: running=0.0 waiting=0.0
      32350    10.38         3118        30.5       32        160  length
after 32000: running=0.0 waiting=0.0
before 32000: running=0.0 waiting=0.0
      31516     9.95         3167        46.7       32        160  length
after 32000: running=0.0 waiting=0.0
[env-ab 21:22:10] RESULT a4: gate32k-median=3133.5 (n=6) long=0.0248 top1=98.11 dvp=0.02240 decode-structured=96.13
[env-ab 21:22:10] === arm e1
env-now: GLM53_DENSE_W8A8_HILO= GLM53_DENSE_W8A8_HILO_SEL=
[1;36m[glm53-exl3][0m   manage     : ./start.sh status | ./start.sh logs | ./start.sh logs worker | ./start.sh stop
[1;36m[glm53-exl3][0m ======================================================================
[envab-e1-20261003-201531 21:28:56] start returned
ok   [head=worker] container env GLM53_DENSE_W8A8_ONLY <unset> (every served projection)
ok   [head=worker] container env GLM53_DENSE_W8A8_HILO set (109 chars incl. the name; the list is not printed)
ok   [head=worker] container env GLM53_DENSE_W8A8_HILO_SEL first
ok   [head=worker] container env GLM53_DENSE_W8A8_SKIP_LAYERS <unset> (no layer excluded)
ok   [head] absent: layer filter GLM53_DENSE_W8A8_SKIP_LAYERS: excluded
ok   [worker] absent: layer filter GLM53_DENSE_W8A8_SKIP_LAYERS: excluded
== prefill random 24k
[envab-e1-20261003-201531] prefill ~24030 tok: 7.58s, 7.59s, 7.60s -> median 3167 tok/s
== APC 40k (repeat + turn2)
turn1: prompt 39036 cached 0 e2e 14.1s hits+0 queries+39036
repeat: prompt 39036 cached 36864 e2e 2.5s hits+36864 queries+39036
turn2: prompt 39049 cached 36864 e2e 2.3s hits+36864 queries+39049
== APC 97k repeat (fresh 591 case)
[envab-e1-20261003-201531-apc97k] cold: prompt 97359 cached 0 completion 64 ttft 30.56s decode 1.14s steps 14 -> 81.6 ms/step, 4.36 tok/step, 56.0 tok/s
[envab-e1-20261003-201531-apc97k] warm: prompt 97359 cached 96768 completion 64 ttft 0.78s decode 1.15s steps 14 -> 82.1 ms/step, 4.36 tok/step, 55.7 tok/s
== kpool decode-vs-prefill
text 0: prompt 6842 tokens, generated 1536
text 1: prompt 5202 tokens, generated 1536
text 2: prompt 8350 tokens, generated 1536
${HOME}/tf-exl3-deploy/kpool-after-envab-e1-20261003-201531.json (2026-10-03 21:36:20): decode vs prefill over generated positions
  gen pos [0, 128): n=384  KL mean 0.02386  top-1 agree 97.14%
  gen pos [128, 512): n=1152  KL mean 0.01999  top-1 agree 97.14%
  gen pos [512, 1024): n=1536  KL mean 0.02045  top-1 agree 97.33%
  gen pos [1024, 1536): n=1536  KL mean 0.02539  top-1 agree 96.88%
  all: n=4608  KL mean 0.02227  top-1 agree 97.11%
${HOME}/tf-exl3-deploy/kpool-before-r15.json (2026-09-28 19:05:13): decode vs prefill over generated positions
  gen pos [0, 128): n=384  KL mean 0.00646  top-1 agree 98.70%
  gen pos [128, 512): n=1152  KL mean 0.00654  top-1 agree 98.18%
  gen pos [512, 1024): n=1536  KL mean 0.00622  top-1 agree 98.37%
  gen pos [1024, 1536): n=1536  KL mean 0.00602  top-1 agree 98.76%
  all: n=4608  KL mean 0.00625  top-1 agree 98.48%
${HOME}/tf-exl3-deploy/kpool-after-envab-e1-20261003-201531.json (2026-10-03 21:36:20): decode vs prefill over generated positions
  gen pos [0, 128): n=384  KL mean 0.02386  top-1 agree 97.14%
  gen pos [128, 512): n=1152  KL mean 0.01999  top-1 agree 97.14%
  gen pos [512, 1024): n=1536  KL mean 0.02045  top-1 agree 97.33%
  gen pos [1024, 1536): n=1536  KL mean 0.02539  top-1 agree 96.88%
  all: n=4608  KL mean 0.02227  top-1 agree 97.11%
KL mean before 0.00625 -> after 0.02227 (+256.0%)
== quality long vs R15
text 2: 15954 positions
long-context (positions >= 4608, n=28275): KL mean 0.0231 p95 0.0841 max 7.327 | top-1 agree 98.29%
== quality short vs R15
wrote Q_envab-e1-20261003-201531.json: 20 decode, 6 prefill texts
decode: identical 4/20; first divergence token idx median 30 min 0; |dlogprob| on shared prefix mean 2.12e-02 max 8.55e-01 (n=827)
prefill KL(A||B) nats/token over top-20 union: mean 0.0203 p95 0.0610 max 2.5669 (n=962)
== [envab-e1-20261003-201531] done 2026-10-03 21:37:31 mem nodeA: avail 4G swap 2367M
before 32000: running=0.0 waiting=0.0
      32111    10.12         3172        40.5       32        160  length
after 32000: running=0.0 waiting=0.0
before 32000: running=0.0 waiting=0.0
      31957    10.04         3184        36.6       32        155  length
after 32000: running=0.0 waiting=0.0
before 32000: running=0.0 waiting=0.0
      31775     9.99         3180        49.6       32        160  length
after 32000: running=0.0 waiting=0.0
before 32000: running=0.0 waiting=0.0
      31361     9.84         3188        47.1       32        146  length
after 32000: running=0.0 waiting=0.0
before 32000: running=0.0 waiting=0.0
      32350    10.21         3167        36.0       32        159  length
after 32000: running=0.0 waiting=0.0
before 32000: running=0.0 waiting=0.0
      31516     9.84         3204        47.0       32        160  length
after 32000: running=0.0 waiting=0.0
[env-ab 21:38:49] RESULT e1: gate32k-median=3182 (n=6) long=0.0231 top1=98.29 dvp=0.02227 decode-structured=95.94
[env-ab 21:38:49] === arm e2
env-now: GLM53_DENSE_W8A8_HILO= GLM53_DENSE_W8A8_HILO_SEL=
[1;36m[glm53-exl3][0m   manage     : ./start.sh status | ./start.sh logs | ./start.sh logs worker | ./start.sh stop
[1;36m[glm53-exl3][0m ======================================================================
[envab-e2-20261003-201531 21:45:34] start returned
ok   [head=worker] container env GLM53_DENSE_W8A8_ONLY <unset> (every served projection)
ok   [head=worker] container env GLM53_DENSE_W8A8_HILO set (109 chars incl. the name; the list is not printed)
ok   [head=worker] container env GLM53_DENSE_W8A8_HILO_SEL first
ok   [head=worker] container env GLM53_DENSE_W8A8_SKIP_LAYERS <unset> (no layer excluded)
ok   [head] absent: layer filter GLM53_DENSE_W8A8_SKIP_LAYERS: excluded
ok   [worker] absent: layer filter GLM53_DENSE_W8A8_SKIP_LAYERS: excluded
== prefill random 24k
[envab-e2-20261003-201531] prefill ~24031 tok: 7.56s, 7.56s, 7.56s -> median 3180 tok/s
== APC 40k (repeat + turn2)
turn1: prompt 39034 cached 0 e2e 13.6s hits+0 queries+39034
repeat: prompt 39034 cached 36864 e2e 2.5s hits+36864 queries+39034
turn2: prompt 39047 cached 36864 e2e 2.3s hits+36864 queries+39047
== APC 97k repeat (fresh 591 case)
[envab-e2-20261003-201531-apc97k] cold: prompt 97359 cached 0 completion 64 ttft 30.54s decode 1.15s steps 15 -> 76.6 ms/step, 4.40 tok/step, 55.7 tok/s
[envab-e2-20261003-201531-apc97k] warm: prompt 97359 cached 96768 completion 64 ttft 0.76s decode 1.23s steps 16 -> 76.7 ms/step, 4.25 tok/step, 52.2 tok/s
== kpool decode-vs-prefill
text 0: prompt 6842 tokens, generated 1536
text 1: prompt 5202 tokens, generated 1536
text 2: prompt 8350 tokens, generated 1536
${HOME}/tf-exl3-deploy/kpool-after-envab-e2-20261003-201531.json (2026-10-03 21:52:42): decode vs prefill over generated positions
  gen pos [0, 128): n=384  KL mean 0.01244  top-1 agree 98.96%
  gen pos [128, 512): n=1152  KL mean 0.01778  top-1 agree 97.40%
  gen pos [512, 1024): n=1536  KL mean 0.02023  top-1 agree 97.46%
  gen pos [1024, 1536): n=1536  KL mean 0.01819  top-1 agree 97.01%
  all: n=4608  KL mean 0.01829  top-1 agree 97.42%
${HOME}/tf-exl3-deploy/kpool-before-r15.json (2026-09-28 19:05:13): decode vs prefill over generated positions
  gen pos [0, 128): n=384  KL mean 0.00646  top-1 agree 98.70%
  gen pos [128, 512): n=1152  KL mean 0.00654  top-1 agree 98.18%
  gen pos [512, 1024): n=1536  KL mean 0.00622  top-1 agree 98.37%
  gen pos [1024, 1536): n=1536  KL mean 0.00602  top-1 agree 98.76%
  all: n=4608  KL mean 0.00625  top-1 agree 98.48%
${HOME}/tf-exl3-deploy/kpool-after-envab-e2-20261003-201531.json (2026-10-03 21:52:42): decode vs prefill over generated positions
  gen pos [0, 128): n=384  KL mean 0.01244  top-1 agree 98.96%
  gen pos [128, 512): n=1152  KL mean 0.01778  top-1 agree 97.40%
  gen pos [512, 1024): n=1536  KL mean 0.02023  top-1 agree 97.46%
  gen pos [1024, 1536): n=1536  KL mean 0.01819  top-1 agree 97.01%
  all: n=4608  KL mean 0.01829  top-1 agree 97.42%
KL mean before 0.00625 -> after 0.01829 (+192.4%)
== quality long vs R15
text 2: 15954 positions
long-context (positions >= 4608, n=28275): KL mean 0.0232 p95 0.0878 max 9.464 | top-1 agree 98.13%
== quality short vs R15
wrote Q_envab-e2-20261003-201531.json: 20 decode, 6 prefill texts
decode: identical 4/20; first divergence token idx median 35 min 0; |dlogprob| on shared prefix mean 2.34e-02 max 6.52e-01 (n=846)
prefill KL(A||B) nats/token over top-20 union: mean 0.0184 p95 0.0595 max 2.5706 (n=962)
== [envab-e2-20261003-201531] done 2026-10-03 21:53:52 mem nodeA: avail 2G swap 829M
before 32000: running=0.0 waiting=0.0
      32111    10.07         3189        38.2       32        160  length
after 32000: running=0.0 waiting=0.0
before 32000: running=0.0 waiting=0.0
      31957    10.03         3185        31.1       32        153  length
after 32000: running=0.0 waiting=0.0
before 32000: running=0.0 waiting=0.0
      31775     9.97         3187        46.8       32        160  length
after 32000: running=0.0 waiting=0.0
before 32000: running=0.0 waiting=0.0
      31361     9.86         3180        35.5       32        145  length
after 32000: running=0.0 waiting=0.0
before 32000: running=0.0 waiting=0.0
      32350    10.20         3171        30.7       32        158  length
after 32000: running=0.0 waiting=0.0
before 32000: running=0.0 waiting=0.0
      31516     9.78         3222        46.8       32        160  length
after 32000: running=0.0 waiting=0.0
[env-ab 21:55:11] RESULT e2: gate32k-median=3186 (n=6) long=0.0232 top1=98.13 dvp=0.01829 decode-structured=96.19
[env-ab 21:55:11] judge a1: gate 3122.5 long 0.0241 top1 98.16 dvp 0.01953 dec 96.16 -> 0
[env-ab 21:55:11] judge a2: gate 3134.5 long 0.0164 top1 98.55 dvp 0.01529 dec 95.89 -> 1
[env-ab 21:55:11] judge a4: gate 3133.5 long 0.0248 top1 98.11 dvp 0.02240 dec 96.13 -> 0
[env-ab 21:55:11] judge e1: gate 3182 long 0.0231 top1 98.29 dvp 0.02227 dec 95.94 -> 0
[env-ab 21:55:11] judge e2: gate 3186 long 0.0232 top1 98.13 dvp 0.01829 dec 96.19 -> 0
[env-ab 21:55:11] KEEP=base: the best arm was a2; production ends on base
[env-ab 21:55:11] FINAL keep: base (running now: e2)
env-now: base = the pre-A/B .env
[1;36m[glm53-exl3][0m   manage     : ./start.sh status | ./start.sh logs | ./start.sh logs worker | ./start.sh stop
[1;36m[glm53-exl3][0m ======================================================================
[envab-final-base-20261003-201531-1 22:01:50] start returned
[env-ab 22:02:06] done: runtime [GLM53_DENSE_W8A8_HILO= GLM53_DENSE_W8A8_HILO_SEL= GLM53_DENSE_W8A8_ONLY=kda.in_proj_qkvbfg_a,mla.o_proj GLM53_DENSE_W8A8_SKIP_LAYERS= | GLM53_DENSE_W8A8_HILO= GLM53_DENSE_W8A8_HILO_SEL= GLM53_DENSE_W8A8_ONLY=kda.in_proj_qkvbfg_a,mla.o_proj GLM53_DENSE_W8A8_SKIP_LAYERS= ] (expected arm base = [GLM53_DENSE_W8A8_HILO= GLM53_DENSE_W8A8_HILO_SEL= GLM53_DENSE_W8A8_ONLY=kda.in_proj_qkvbfg_a,mla.o_proj GLM53_DENSE_W8A8_SKIP_LAYERS= | GLM53_DENSE_W8A8_HILO= GLM53_DENSE_W8A8_HILO_SEL= GLM53_DENSE_W8A8_ONLY=kda.in_proj_qkvbfg_a,mla.o_proj GLM53_DENSE_W8A8_SKIP_LAYERS= ])
